// Jest Snapshot v1, https://goo.gl/fbAQLP

exports[`FinalPageSummary can render 1`] = `
<div>
  <div
    class="pf-l-stack pf-m-gutter final-page-sumamary"
  >
    <div
      class="pf-l-stack__item final-page-sumamary__item-first"
    >
      <h1
        class="pf-c-title pf-m-2xl"
        data-ouia-component-id="OUIA-Generated-Title-1"
        data-ouia-component-type="PF4/Title"
        data-ouia-safe="true"
      >
        <svg
          aria-hidden="true"
          class="final-page-summary__icon-success"
          fill="#3e8635"
          height="1em"
          role="img"
          style="vertical-align: -0.125em;"
          viewBox="0 0 512 512"
          width="1em"
        >
          <path
            d="M504 256c0 136.967-111.033 248-248 248S8 392.967 8 256 119.033 8 256 8s248 111.033 248 248zM227.314 387.314l184-184c6.248-6.248 6.248-16.379 0-22.627l-22.627-22.627c-6.248-6.249-16.379-6.249-22.628 0L216 308.118l-70.059-70.059c-6.248-6.248-16.379-6.248-22.628 0l-22.627 22.627c-6.248 6.248-6.248 16.379 0 22.627l104 104c6.249 6.249 16.379 6.249 22.628.001z"
          />
        </svg>
        Setup complete!
      </h1>
      <small
        class=""
        data-ouia-component-id="OUIA-Generated-Text-1"
        data-ouia-component-type="PF4/Text"
        data-ouia-safe="true"
        data-pf-content="true"
      >
        Your cluster has been successfully configured and is ready to use.
      </small>
    </div>
    <div
      class="pf-l-stack__item final-page-sumamary__item"
    >
      <h3
        class="pf-c-title pf-m-lg"
        data-ouia-component-id="OUIA-Generated-Title-2"
        data-ouia-component-type="PF4/Title"
        data-ouia-safe="true"
      >
        Enjoy your Edge cluster
      </h3>
      <small
        class=""
        data-ouia-component-id="OUIA-Generated-Text-2"
        data-ouia-component-type="PF4/Text"
        data-ouia-safe="true"
        data-pf-content="true"
      >
        Your cluster has been successfully configured and is ready to use.
      </small>
    </div>
    <div
      class="pf-l-stack__item final-page-sumamary__item"
    >
      <h3
        class="pf-c-title pf-m-lg"
        data-ouia-component-id="OUIA-Generated-Title-3"
        data-ouia-component-type="PF4/Title"
        data-ouia-safe="true"
      >
        Need to change something?
      </h3>
      <small
        class=""
        data-ouia-component-id="OUIA-Generated-Text-3"
        data-ouia-component-type="PF4/Text"
        data-ouia-safe="true"
        data-pf-content="true"
      >
        If you need to modify your settings, make sure you are still connected to your edge cluster and click Settings.
      </small>
    </div>
    <div
      class="pf-l-stack__item final-page-sumamary__item"
    >
      <h3
        class="pf-c-title pf-m-lg"
        data-ouia-component-id="OUIA-Generated-Title-4"
        data-ouia-component-type="PF4/Title"
        data-ouia-safe="true"
      >
        Delete the kubeadmin user
      </h3>
      <small
        class=""
        data-ouia-component-id="OUIA-Generated-Text-4"
        data-ouia-component-type="PF4/Text"
        data-ouia-safe="true"
        data-pf-content="true"
      >
        For security reasons, it is highly recommended to remove the kubeadmin user. To do so, relogin as the 
        <b />
         user and click 
        <b>
          Delete kubeadmin
        </b>
         button on the Settings page.
      </small>
    </div>
    <div
      class="pf-l-stack__item"
    >
      <button
        aria-disabled="false"
        class="pf-c-button pf-m-primary"
        data-ouia-component-id="OUIA-Generated-Button-primary-1"
        data-ouia-component-type="PF4/Button"
        data-ouia-safe="true"
        data-testid="final-page-button-console"
        type="button"
      >
        OpenShift console
      </button>
      <button
        aria-disabled="false"
        class="pf-c-button pf-m-link"
        data-ouia-component-id="OUIA-Generated-Button-link-1"
        data-ouia-component-type="PF4/Button"
        data-ouia-safe="true"
        data-testid="final-page-button-settings"
        type="button"
      >
        <p
          class="final-page-summary__settings"
          data-ouia-component-id="OUIA-Generated-Text-5"
          data-ouia-component-type="PF4/Text"
          data-ouia-safe="true"
          data-pf-content="true"
        >
          SettingsÂ 
          <svg
            aria-hidden="true"
            fill="currentColor"
            height="1em"
            role="img"
            style="vertical-align: -0.125em;"
            viewBox="0 0 448 512"
            width="1em"
          >
            <path
              d="M190.5 66.9l22.2-22.2c9.4-9.4 24.6-9.4 33.9 0L441 239c9.4 9.4 9.4 24.6 0 33.9L246.6 467.3c-9.4 9.4-24.6 9.4-33.9 0l-22.2-22.2c-9.5-9.5-9.3-25 .4-34.3L311.4 296H24c-13.3 0-24-10.7-24-24v-32c0-13.3 10.7-24 24-24h287.4L190.9 101.2c-9.8-9.3-10-24.8-.4-34.3z"
            />
          </svg>
        </p>
      </button>
    </div>
  </div>
</div>
`;
