// Jest Snapshot v1, https://goo.gl/fbAQLP

exports[`DownloadSshKeyPage can render 1`] = `
<div>
  <div
    class="pf-c-background-image"
    style="--pf-c-background-image--BackgroundImage: url(/background.png); --pf-c-background-image--BackgroundImage-2x: url(/background.png); --pf-c-background-image--BackgroundImage--sm: url(/background.png); --pf-c-background-image--BackgroundImage--sm-2x: url(/background.png); --pf-c-background-image--BackgroundImage--lg: url(/background.png); --pf-c-background-image--Filter: url(#patternfly-background-image-filter-overlay0);"
  >
    <svg
      class="pf-c-background-image__filter"
      height="0"
      width="0"
      xmlns="http://www.w3.org/2000/svg"
    >
      <filter
        id="patternfly-background-image-filter-overlay0"
      >
        <fecolormatrix
          type="matrix"
          values="1 0 0 0 0 1 0 0 0 0 1 0 0 0 0 0 0 0 1 0"
        />
        <fecomponenttransfer
          color-interpolation-filters="sRGB"
          result="duotone"
        >
          <fefuncr
            tableValues="0.086274509803922 0.43921568627451"
            type="table"
          />
          <fefuncg
            tableValues="0.086274509803922 0.43921568627451"
            type="table"
          />
          <fefuncb
            tableValues="0.086274509803922 0.43921568627451"
            type="table"
          />
          <fefunca
            tableValues="0 1"
            type="table"
          />
        </fecomponenttransfer>
      </filter>
    </svg>
  </div>
  <header
    class="pf-c-page__header page-header"
  >
    <div
      class="pf-c-page__header-brand"
    >
      <a
        class="pf-c-page__header-brand-link"
      >
        <img
          alt="Logo"
          src="RedHatLogo.svg"
        />
      </a>
    </div>
    <div
      class="pf-c-page__header-nav"
    >
      <div
        class="page-header-middle"
      >
        Edge cluster setup
      </div>
    </div>
    <div
      class="pf-c-page__header-tools"
    >
      <a
        aria-disabled="false"
        class="pf-c-button pf-m-tertiary"
        data-ouia-component-id="OUIA-Generated-Button-tertiary-1"
        data-ouia-component-type="PF4/Button"
        data-ouia-safe="true"
      >
        Log out
      </a>
    </div>
  </header>
  <div
    class="page-container"
  >
    <div
      class="page-content"
    >
      <div
        class="pf-l-stack pf-m-gutter"
      >
        <div
          class="pf-l-stack__item content-three-rows__top"
        >
          <ol
            class="pf-c-progress-stepper pf-m-center wizard-progress"
          >
            <li
              aria-label="Username step"
              class="pf-c-progress-stepper__step pf-m-success"
              id="username"
            >
              <div
                class="pf-c-progress-stepper__step-connector"
              >
                <span
                  class="pf-c-progress-stepper__step-icon"
                >
                  <svg
                    aria-hidden="true"
                    fill="currentColor"
                    height="1em"
                    role="img"
                    style="vertical-align: -0.125em;"
                    viewBox="0 0 512 512"
                    width="1em"
                  >
                    <path
                      d="M504 256c0 136.967-111.033 248-248 248S8 392.967 8 256 119.033 8 256 8s248 111.033 248 248zM227.314 387.314l184-184c6.248-6.248 6.248-16.379 0-22.627l-22.627-22.627c-6.248-6.249-16.379-6.249-22.628 0L216 308.118l-70.059-70.059c-6.248-6.248-16.379-6.248-22.628 0l-22.627 22.627c-6.248 6.248-6.248 16.379 0 22.627l104 104c6.249 6.249 16.379 6.249 22.628.001z"
                    />
                  </svg>
                </span>
              </div>
              <div
                class="pf-c-progress-stepper__step-main"
              >
                <div
                  aria-labelledby="username username-title"
                  class="pf-c-progress-stepper__step-title"
                  id="username-title"
                >
                  Username
                </div>
              </div>
            </li>
            <li
              aria-label="Password step"
              class="pf-c-progress-stepper__step pf-m-success"
              id="password"
            >
              <div
                class="pf-c-progress-stepper__step-connector"
              >
                <span
                  class="pf-c-progress-stepper__step-icon"
                >
                  <svg
                    aria-hidden="true"
                    fill="currentColor"
                    height="1em"
                    role="img"
                    style="vertical-align: -0.125em;"
                    viewBox="0 0 512 512"
                    width="1em"
                  >
                    <path
                      d="M504 256c0 136.967-111.033 248-248 248S8 392.967 8 256 119.033 8 256 8s248 111.033 248 248zM227.314 387.314l184-184c6.248-6.248 6.248-16.379 0-22.627l-22.627-22.627c-6.248-6.249-16.379-6.249-22.628 0L216 308.118l-70.059-70.059c-6.248-6.248-16.379-6.248-22.628 0l-22.627 22.627c-6.248 6.248-6.248 16.379 0 22.627l104 104c6.249 6.249 16.379 6.249 22.628.001z"
                    />
                  </svg>
                </span>
              </div>
              <div
                class="pf-c-progress-stepper__step-main"
              >
                <div
                  aria-labelledby="password password-title"
                  class="pf-c-progress-stepper__step-title"
                  id="password-title"
                >
                  Password
                </div>
              </div>
            </li>
            <li
              aria-label="API step"
              class="pf-c-progress-stepper__step pf-m-success"
              id="apiaddr"
            >
              <div
                class="pf-c-progress-stepper__step-connector"
              >
                <span
                  class="pf-c-progress-stepper__step-icon"
                >
                  <svg
                    aria-hidden="true"
                    fill="currentColor"
                    height="1em"
                    role="img"
                    style="vertical-align: -0.125em;"
                    viewBox="0 0 512 512"
                    width="1em"
                  >
                    <path
                      d="M504 256c0 136.967-111.033 248-248 248S8 392.967 8 256 119.033 8 256 8s248 111.033 248 248zM227.314 387.314l184-184c6.248-6.248 6.248-16.379 0-22.627l-22.627-22.627c-6.248-6.249-16.379-6.249-22.628 0L216 308.118l-70.059-70.059c-6.248-6.248-16.379-6.248-22.628 0l-22.627 22.627c-6.248 6.248-6.248 16.379 0 22.627l104 104c6.249 6.249 16.379 6.249 22.628.001z"
                    />
                  </svg>
                </span>
              </div>
              <div
                class="pf-c-progress-stepper__step-main"
              >
                <div
                  aria-labelledby="apiaddr apiaddr-title"
                  class="pf-c-progress-stepper__step-title"
                  id="apiaddr-title"
                >
                  API
                </div>
              </div>
            </li>
            <li
              aria-label="Ingress step"
              class="pf-c-progress-stepper__step pf-m-success"
              id="ingressip"
            >
              <div
                class="pf-c-progress-stepper__step-connector"
              >
                <span
                  class="pf-c-progress-stepper__step-icon"
                >
                  <svg
                    aria-hidden="true"
                    fill="currentColor"
                    height="1em"
                    role="img"
                    style="vertical-align: -0.125em;"
                    viewBox="0 0 512 512"
                    width="1em"
                  >
                    <path
                      d="M504 256c0 136.967-111.033 248-248 248S8 392.967 8 256 119.033 8 256 8s248 111.033 248 248zM227.314 387.314l184-184c6.248-6.248 6.248-16.379 0-22.627l-22.627-22.627c-6.248-6.249-16.379-6.249-22.628 0L216 308.118l-70.059-70.059c-6.248-6.248-16.379-6.248-22.628 0l-22.627 22.627c-6.248 6.248-6.248 16.379 0 22.627l104 104c6.249 6.249 16.379 6.249 22.628.001z"
                    />
                  </svg>
                </span>
              </div>
              <div
                class="pf-c-progress-stepper__step-main"
              >
                <div
                  aria-labelledby="ingressip ingressip-title"
                  class="pf-c-progress-stepper__step-title"
                  id="ingressip-title"
                >
                  Ingress
                </div>
              </div>
            </li>
            <li
              aria-label="Domain step"
              class="pf-c-progress-stepper__step pf-m-success"
              id="domain"
            >
              <div
                class="pf-c-progress-stepper__step-connector"
              >
                <span
                  class="pf-c-progress-stepper__step-icon"
                >
                  <svg
                    aria-hidden="true"
                    fill="currentColor"
                    height="1em"
                    role="img"
                    style="vertical-align: -0.125em;"
                    viewBox="0 0 512 512"
                    width="1em"
                  >
                    <path
                      d="M504 256c0 136.967-111.033 248-248 248S8 392.967 8 256 119.033 8 256 8s248 111.033 248 248zM227.314 387.314l184-184c6.248-6.248 6.248-16.379 0-22.627l-22.627-22.627c-6.248-6.249-16.379-6.249-22.628 0L216 308.118l-70.059-70.059c-6.248-6.248-16.379-6.248-22.628 0l-22.627 22.627c-6.248 6.248-6.248 16.379 0 22.627l104 104c6.249 6.249 16.379 6.249 22.628.001z"
                    />
                  </svg>
                </span>
              </div>
              <div
                class="pf-c-progress-stepper__step-main"
              >
                <div
                  aria-labelledby="domain domain-title"
                  class="pf-c-progress-stepper__step-title"
                  id="domain-title"
                >
                  Domain
                </div>
              </div>
            </li>
            <li
              aria-label="Download SSH key step"
              class="pf-c-progress-stepper__step pf-m-info pf-m-current"
              id="sshkey"
            >
              <div
                class="pf-c-progress-stepper__step-connector"
              >
                <span
                  class="pf-c-progress-stepper__step-icon"
                >
                  <svg
                    aria-hidden="true"
                    fill="currentColor"
                    height="1em"
                    role="img"
                    style="vertical-align: -0.125em;"
                    viewBox="0 0 1024 1024"
                    width="1em"
                  >
                    <path
                      d="M512.1,0 C229.7,0 0,229.8 0,512 C0,794.3 229.8,1024 512.1,1024 C794.4,1024 1024,794.3 1024,512 C1024,229.7 794.4,0 512.1,0 Z M512,896 C300.2,896 128,723.9 128,512 C128,300.3 300.2,128 512,128 C723.7,128 896,300.2 896,512 C896,723.8 723.7,896 512,896 Z M512,224 C671.1,224 800,352.9 800,512 C800,671.1 671.1,800 512,800 C352.9,800 224,671.1 224,512 C224,352.9 352.9,224 512,224"
                    />
                  </svg>
                </span>
              </div>
              <div
                class="pf-c-progress-stepper__step-main"
              >
                <div
                  aria-labelledby="sshkey sshkey-title"
                  class="pf-c-progress-stepper__step-title"
                  id="sshkey-title"
                >
                  SSH
                </div>
              </div>
            </li>
          </ol>
        </div>
        <div
          class="pf-l-stack__item pf-m-fill content-three-rows__middle"
        >
          <div
            class="pf-l-stack pf-m-gutter wizard-content"
          >
            <div
              class="pf-l-stack__item"
            >
              <div
                aria-label="Warning Alert"
                class="pf-c-alert pf-m-inline pf-m-warning"
                data-ouia-component-id="OUIA-Generated-Alert-warning-1"
                data-ouia-component-type="PF4/Alert"
                data-ouia-safe="true"
              >
                <div
                  class="pf-c-alert__icon"
                >
                  <svg
                    aria-hidden="true"
                    fill="currentColor"
                    height="1em"
                    role="img"
                    style="vertical-align: -0.125em;"
                    viewBox="0 0 576 512"
                    width="1em"
                  >
                    <path
                      d="M569.517 440.013C587.975 472.007 564.806 512 527.94 512H48.054c-36.937 0-59.999-40.055-41.577-71.987L246.423 23.985c18.467-32.009 64.72-31.951 83.154 0l239.94 416.028zM288 354c-25.405 0-46 20.595-46 46s20.595 46 46 46 46-20.595 46-46-20.595-46-46-46zm-43.673-165.346l7.418 136c.347 6.364 5.609 11.346 11.982 11.346h48.546c6.373 0 11.635-4.982 11.982-11.346l7.418-136c.375-6.874-5.098-12.654-11.982-12.654h-63.383c-6.884 0-12.356 5.78-11.981 12.654z"
                    />
                  </svg>
                </div>
                <h4
                  class="pf-c-alert__title"
                >
                  <span
                    class="pf-u-screen-reader"
                  >
                    Warning alert:
                  </span>
                  Edge cluster does not store the private key. Please download and keep your key in a safe place.
                </h4>
                
              </div>
              <div
                aria-label="Danger Alert"
                class="pf-c-alert pf-m-inline pf-m-danger download-item__error"
                data-ouia-component-id="OUIA-Generated-Alert-danger-1"
                data-ouia-component-type="PF4/Alert"
                data-ouia-safe="true"
              >
                <div
                  class="pf-c-alert__icon"
                >
                  <svg
                    aria-hidden="true"
                    fill="currentColor"
                    height="1em"
                    role="img"
                    style="vertical-align: -0.125em;"
                    viewBox="0 0 512 512"
                    width="1em"
                  >
                    <path
                      d="M504 256c0 136.997-111.043 248-248 248S8 392.997 8 256C8 119.083 119.043 8 256 8s248 111.083 248 248zm-248 50c-25.405 0-46 20.595-46 46s20.595 46 46 46 46-20.595 46-46-20.595-46-46-46zm-43.673-165.346l7.418 136c.347 6.364 5.609 11.346 11.982 11.346h48.546c6.373 0 11.635-4.982 11.982-11.346l7.418-136c.375-6.874-5.098-12.654-11.982-12.654h-63.383c-6.884 0-12.356 5.78-11.981 12.654z"
                    />
                  </svg>
                </div>
                <h4
                  class="pf-c-alert__title"
                >
                  <span
                    class="pf-u-screen-reader"
                  >
                    Danger alert:
                  </span>
                  Incorrect SSH key secret
                </h4>
                <div
                  class="pf-c-alert__description"
                >
                  The secret with ssh private key does not meet the required structure.
                   
                  <button
                    aria-disabled="false"
                    class="pf-c-button pf-m-link pf-m-inline"
                    data-ouia-component-id="OUIA-Generated-Button-link-3"
                    data-ouia-component-type="PF4/Button"
                    data-ouia-safe="true"
                    type="button"
                  >
                    Try again
                  </button>
                </div>
              </div>
            </div>
            <div
              class="pf-l-stack__item"
            >
              <h1
                class="pf-c-title pf-m-2xl"
                data-ouia-component-id="OUIA-Generated-Title-1"
                data-ouia-component-type="PF4/Title"
                data-ouia-safe="true"
              >
                Download your private SSH key
              </h1>
            </div>
            <div
              class="pf-l-stack__item wizard-sublabel"
            >
              Your account will be granted access to all the nodes.
            </div>
            <div
              class="pf-l-stack__item download-item"
            >
              <div
                class="pf-l-grid"
              >
                <div
                  class="pf-l-grid__item pf-m-2-col pf-m-2-row download-item__icon"
                >
                  <img
                    alt="Book icon"
                    class="download-ssh__book"
                    src="book.svg"
                  />
                </div>
                <div
                  class="pf-l-grid__item pf-m-10-col"
                >
                  <div
                    class="download-item__text"
                  >
                    Edge Cluster Private SSH Key
                  </div>
                </div>
                <div
                  class="pf-l-grid__item pf-m-10-col"
                >
                  <button
                    aria-disabled="true"
                    class="pf-c-button pf-m-link pf-m-disabled"
                    data-ouia-component-id="OUIA-Generated-Button-link-1"
                    data-ouia-component-type="PF4/Button"
                    data-ouia-safe="true"
                    data-testid="button-download-ssh-key"
                    disabled=""
                    type="button"
                  >
                    <svg
                      aria-hidden="true"
                      fill="currentColor"
                      height="1em"
                      role="img"
                      style="vertical-align: -0.125em;"
                      viewBox="0 0 512 512"
                      width="1em"
                    >
                      <path
                        d="M216 0h80c13.3 0 24 10.7 24 24v168h87.7c17.8 0 26.7 21.5 14.1 34.1L269.7 378.3c-7.5 7.5-19.8 7.5-27.3 0L90.1 226.1c-12.6-12.6-3.7-34.1 14.1-34.1H192V24c0-13.3 10.7-24 24-24zm296 376v112c0 13.3-10.7 24-24 24H24c-13.3 0-24-10.7-24-24V376c0-13.3 10.7-24 24-24h146.7l49 49c20.1 20.1 52.5 20.1 72.6 0l49-49H488c13.3 0 24 10.7 24 24zm-124 88c0-11-9-20-20-20s-20 9-20 20 9 20 20 20 20-9 20-20zm64 0c0-11-9-20-20-20s-20 9-20 20 9 20 20 20 20-9 20-20z"
                      />
                    </svg>
                     Download
                  </button>
                </div>
              </div>
            </div>
          </div>
        </div>
        <div
          class="pf-l-stack__item content-three-rows__bottom"
        >
          <div
            class="wizard-footer"
          >
            <button
              aria-disabled="false"
              class="pf-c-button pf-m-link"
              data-ouia-component-id="OUIA-Generated-Button-link-2"
              data-ouia-component-type="PF4/Button"
              data-ouia-safe="true"
              data-testid="wizard-footer-button-back"
              type="button"
            >
              Go back
            </button>
            <button
              aria-disabled="true"
              class="pf-c-button pf-m-primary pf-m-disabled"
              data-ouia-component-id="OUIA-Generated-Button-primary-1"
              data-ouia-component-type="PF4/Button"
              data-ouia-safe="true"
              data-testid="wizard-footer-button-next"
              disabled=""
              type="button"
            >
              Finish setup
            </button>
          </div>
        </div>
      </div>
    </div>
  </div>
</div>
`;
